#
# There is insufficient memory for the Java Runtime Environment to continue.
# Native memory allocation (malloc) failed to allocate 1048576 bytes. Error detail: AllocateHeap
# Possible reasons:
#   The system is out of physical RAM or swap space
#   This process is running with CompressedOops enabled, and the Java Heap may be blocking the growth of the native heap
# Possible solutions:
#   Reduce memory load on the system
#   Increase physical memory or swap space
#   Check if swap backing store is full
#   Decrease Java heap size (-Xmx/-Xms)
#   Decrease number of Java threads
#   Decrease Java thread stack sizes (-Xss)
#   Set larger code cache with -XX:ReservedCodeCacheSize=
#   JVM is running with Unscaled Compressed Oops mode in which the Java heap is
#     placed in the first 4GB address space. The Java Heap base address is the
#     maximum limit for the native heap growth. Please use -XX:HeapBaseMinAddress
#     to set the Java Heap base and to place the Java Heap above 4GB virtual address.
# This output file may be truncated or incomplete.
#
#  Out of Memory Error (allocation.cpp:44), pid=16120, tid=27948
#
# JRE version: OpenJDK Runtime Environment Temurin-21.0.9+10 (21.0.9+10) (build 21.0.9+10-LTS)
# Java VM: OpenJDK 64-Bit Server VM Temurin-21.0.9+10 (21.0.9+10-LTS, mixed mode, sharing, tiered, compressed oops, compressed class ptrs, parallel gc, windows-amd64)
# No core dump will be written. Minidumps are not enabled by default on client versions of Windows
#

---------------  S U M M A R Y ------------

Command Line: --add-modules=ALL-SYSTEM --add-opens=java.base/java.util=ALL-UNNAMED --add-opens=java.base/java.lang=ALL-UNNAMED --add-opens=java.base/sun.nio.fs=ALL-UNNAMED -Declipse.application=org.eclipse.jdt.ls.core.id1 -Dosgi.bundles.defaultStartLevel=4 -Declipse.product=org.eclipse.jdt.ls.core.product -Djava.import.generatesMetadataFilesAtProjectRoot=false -DDetectVMInstallationsJob.disabled=true -Dfile.encoding=utf8 -XX:+UseParallelGC -XX:GCTimeRatio=4 -XX:AdaptiveSizePolicyWeight=90 -Dsun.zip.disableMemoryMapping=true -Xmx2G -Xms100m -Xlog:disable -javaagent:c:\Users\ashis\.vscode\extensions\redhat.java-1.51.0-win32-x64\lombok\lombok-1.18.39-4050.jar -XX:+HeapDumpOnOutOfMemoryError -XX:HeapDumpPath=c:\Users\ashis\AppData\Roaming\Code\User\workspaceStorage\27995a07c341c8819f1e5df1a693b7f0\redhat.java -Daether.dependencyCollector.impl=bf c:\Users\ashis\.vscode\extensions\redhat.java-1.51.0-win32-x64\server\plugins\org.eclipse.equinox.launcher_1.7.100.v20251111-0406.jar -configuration c:\Users\ashis\AppData\Roaming\Code\User\globalStorage\redhat.java\1.51.0\config_win -data c:\Users\ashis\AppData\Roaming\Code\User\workspaceStorage\27995a07c341c8819f1e5df1a693b7f0\redhat.java\jdt_ws --pipe=\\.\pipe\lsp-553dc14be16268f400227ac2b70176c0-sock

Host: 13th Gen Intel(R) Core(TM) i5-13420H, 12 cores, 15G,  Windows 11 , 64 bit Build 26100 (10.0.26100.7309)
Time: Sun Jan 25 12:12:36 2026 India Standard Time elapsed time: 77258.844839 seconds (0d 21h 27m 38s)

---------------  T H R E A D  ---------------

Current thread (0x0000024e59343500):  JavaThread "Attach Listener" daemon [_thread_in_vm, id=27948, stack(0x000000841a900000,0x000000841aa00000) (1024K)]

Stack: [0x000000841a900000,0x000000841aa00000]
Native frames: (J=compiled Java code, j=interpreted, Vv=VM code, C=native code)
V  [jvm.dll+0x6d6e29]
V  [jvm.dll+0x8b4b76]
V  [jvm.dll+0x8b712e]
V  [jvm.dll+0x8b7813]
V  [jvm.dll+0x283d86]
V  [jvm.dll+0xc1277]
V  [jvm.dll+0x6d76d9]
V  [jvm.dll+0x133466]
V  [jvm.dll+0x3f7ea6]
V  [jvm.dll+0x85e9ad]
V  [jvm.dll+0x6d565d]
C  [ucrtbase.dll+0x37b0]
C  [KERNEL32.DLL+0x2e8d7]
C  [ntdll.dll+0x8c53c]


---------------  P R O C E S S  ---------------

Threads class SMR info:
_java_thread_list=0x0000024e621f5d60, length=99, elements={
0x0000024e7d8a9080, 0x0000024e1633a9b0, 0x0000024e1633b8c0, 0x0000024e59341b30,
0x0000024e59343500, 0x0000024e593462c0, 0x0000024e593470c0, 0x0000024e59349f00,
0x0000024e5936b9d0, 0x0000024e59565e20, 0x0000024e59672e30, 0x0000024e59ed3a50,
0x0000024e59ed40e0, 0x0000024e59ed33c0, 0x0000024e59ed4770, 0x0000024e59ed4e00,
0x0000024e5ead11b0, 0x0000024e5ead2bf0, 0x0000024e5ead3280, 0x0000024e5ead0490,
0x0000024e5ead6700, 0x0000024e5ead5350, 0x0000024e5ead59e0, 0x0000024e5ead6070,
0x0000024e5ead6d90, 0x0000024e5fcf7420, 0x0000024e5fcf87d0, 0x0000024e5fcf7ab0,
0x0000024e5fcf6700, 0x0000024e5fcf8140, 0x0000024e5fcf8e60, 0x0000024e5fcf6d90,
0x0000024e5fcf94f0, 0x0000024e5fcf6070, 0x0000024e5fcfaf30, 0x0000024e5fcfd000,
0x0000024e5ead1840, 0x0000024e595d4660, 0x0000024e5f0417f0, 0x0000024e5f041e80,
0x0000024e5f042ba0, 0x0000024e5f03fdb0, 0x0000024e5f0438c0, 0x0000024e5f044c70,
0x0000024e5f0466b0, 0x0000024e5f046d40, 0x0000024e61ed0560, 0x0000024e61ed0bf0,
0x0000024e61ed1280, 0x0000024e61eceb20, 0x0000024e61ecde00, 0x0000024e61ed1fa0,
0x0000024e61ed2cc0, 0x0000024e61ed2630, 0x0000024e60a93dc0, 0x0000024e60a94ae0,
0x0000024e60a95800, 0x0000024e5e23e600, 0x0000024e5e240d60, 0x0000024e61ecd0e0,
0x0000024e5ead1ed0, 0x0000024e5eacfe00, 0x0000024e5ead0b20, 0x0000024e5e23d250,
0x0000024e5e23d8e0, 0x0000024e5f043230, 0x0000024e63049e10, 0x0000024e6304a4a0,
0x0000024e595d3fd0, 0x0000024e60a96520, 0x0000024e60a93730, 0x0000024e61ecd770,
0x0000024e63f61300, 0x0000024e63f63a60, 0x0000024e63f61990, 0x0000024e63f62020,
0x0000024e63f64e10, 0x0000024e63f654a0, 0x0000024e63f640f0, 0x0000024e63f65b30,
0x0000024e630448c0, 0x0000024e6304ab30, 0x0000024e5f040440, 0x0000024e630490f0,
0x0000024e5ead3fa0, 0x0000024e5e2434c0, 0x0000024e5fcfc2e0, 0x0000024e5f0445e0,
0x0000024e5f045990, 0x0000024e63f64780, 0x0000024e63046300, 0x0000024e595d32b0,
0x0000024e5e23df70, 0x0000024e5e57e2b0, 0x0000024e5e57e940, 0x0000024e5e582ae0,
0x0000024e5e580380, 0x0000024e5e5879a0, 0x0000024e5e584520
}

Java Threads: ( => current thread )
  0x0000024e7d8a9080 JavaThread "main"                              [_thread_blocked, id=42888, stack(0x000000841a200000,0x000000841a300000) (1024K)]
  0x0000024e1633a9b0 JavaThread "Reference Handler"          daemon [_thread_blocked, id=30632, stack(0x000000841a600000,0x000000841a700000) (1024K)]
  0x0000024e1633b8c0 JavaThread "Finalizer"                  daemon [_thread_blocked, id=34548, stack(0x000000841a700000,0x000000841a800000) (1024K)]
  0x0000024e59341b30 JavaThread "Signal Dispatcher"          daemon [_thread_blocked, id=420, stack(0x000000841a800000,0x000000841a900000) (1024K)]
=>0x0000024e59343500 JavaThread "Attach Listener"            daemon [_thread_in_vm, id=27948, stack(0x000000841a900000,0x000000841aa00000) (1024K)]
  0x0000024e593462c0 JavaThread "Service Thread"             daemon [_thread_blocked, id=6864, stack(0x000000841aa00000,0x000000841ab00000) (1024K)]
  0x0000024e593470c0 JavaThread "Monitor Deflation Thread"   daemon [_thread_blocked, id=18228, stack(0x000000841ab00000,0x000000841ac00000) (1024K)]
  0x0000024e59349f00 JavaThread "C2 CompilerThread0"         daemon [_thread_blocked, id=31156, stack(0x000000841ac00000,0x000000841ad00000) (1024K)]
  0x0000024e5936b9d0 JavaThread "C1 CompilerThread0"         daemon [_thread_blocked, id=34468, stack(0x000000841ad00000,0x000000841ae00000) (1024K)]
  0x0000024e59565e20 JavaThread "Common-Cleaner"             daemon [_thread_blocked, id=35500, stack(0x000000841ae00000,0x000000841af00000) (1024K)]
  0x0000024e59672e30 JavaThread "Notification Thread"        daemon [_thread_blocked, id=32668, stack(0x000000841af00000,0x000000841b000000) (1024K)]
  0x0000024e59ed3a50 JavaThread "Active Thread: Equinox Container: 0d82bda3-60dd-4c8a-b743-b0bdc4caf0c4"        [_thread_blocked, id=30100, stack(0x000000841be00000,0x000000841bf00000) (1024K)]
  0x0000024e59ed40e0 JavaThread "Framework Event Dispatcher: Equinox Container: 0d82bda3-60dd-4c8a-b743-b0bdc4caf0c4" daemon [_thread_blocked, id=18640, stack(0x000000841bf00000,0x000000841c000000) (1024K)]
  0x0000024e59ed33c0 JavaThread "Start Level: Equinox Container: 0d82bda3-60dd-4c8a-b743-b0bdc4caf0c4" daemon [_thread_blocked, id=54192, stack(0x000000841c000000,0x000000841c100000) (1024K)]
  0x0000024e59ed4770 JavaThread "Bundle File Closer"         daemon [_thread_blocked, id=9748, stack(0x000000841c200000,0x000000841c300000) (1024K)]
  0x0000024e59ed4e00 JavaThread "Refresh Thread: Equinox Container: 0d82bda3-60dd-4c8a-b743-b0bdc4caf0c4" daemon [_thread_blocked, id=35056, stack(0x000000841c300000,0x000000841c400000) (1024K)]
  0x0000024e5ead11b0 JavaThread "SCR Component Actor"        daemon [_thread_blocked, id=14180, stack(0x000000841cc00000,0x000000841cd00000) (1024K)]
  0x0000024e5ead2bf0 JavaThread "Worker-JM"                         [_thread_blocked, id=19436, stack(0x000000841cd00000,0x000000841ce00000) (1024K)]
  0x0000024e5ead3280 JavaThread "Java indexing"              daemon [_thread_blocked, id=23752, stack(0x000000841b100000,0x000000841b200000) (1024K)]
  0x0000024e5ead0490 JavaThread "JNA Cleaner"                daemon [_thread_blocked, id=35556, stack(0x000000841d100000,0x000000841d200000) (1024K)]
  0x0000024e5ead6700 JavaThread "Thread-1"                   daemon [_thread_in_native, id=20308, stack(0x000000841d700000,0x000000841d800000) (1024K)]
  0x0000024e5ead5350 JavaThread "Thread-2"                   daemon [_thread_in_native, id=25768, stack(0x000000841d800000,0x000000841d900000) (1024K)]
  0x0000024e5ead59e0 JavaThread "Thread-3"                   daemon [_thread_in_native, id=42188, stack(0x000000841d900000,0x000000841da00000) (1024K)]
  0x0000024e5ead6070 JavaThread "Thread-4"                   daemon [_thread_in_native, id=11180, stack(0x000000841da00000,0x000000841db00000) (1024K)]
  0x0000024e5ead6d90 JavaThread "Thread-5"                   daemon [_thread_in_native, id=23960, stack(0x000000841db00000,0x000000841dc00000) (1024K)]
  0x0000024e5fcf7420 JavaThread "Thread-6"                   daemon [_thread_in_native, id=5272, stack(0x000000841dc00000,0x000000841dd00000) (1024K)]
  0x0000024e5fcf87d0 JavaThread "Thread-7"                   daemon [_thread_in_native, id=12380, stack(0x000000841dd00000,0x000000841de00000) (1024K)]
  0x0000024e5fcf7ab0 JavaThread "Thread-8"                   daemon [_thread_in_native, id=22324, stack(0x000000841de00000,0x000000841df00000) (1024K)]
  0x0000024e5fcf6700 JavaThread "Thread-9"                   daemon [_thread_in_native, id=37032, stack(0x000000841df00000,0x000000841e000000) (1024K)]
  0x0000024e5fcf8140 JavaThread "Thread-10"                  daemon [_thread_in_native, id=35476, stack(0x000000841e000000,0x000000841e100000) (1024K)]
  0x0000024e5fcf8e60 JavaThread "Thread-11"                  daemon [_thread_in_native, id=44460, stack(0x000000841e100000,0x000000841e200000) (1024K)]
  0x0000024e5fcf6d90 JavaThread "Thread-12"                  daemon [_thread_in_native, id=53724, stack(0x000000841e200000,0x000000841e300000) (1024K)]
  0x0000024e5fcf94f0 JavaThread "Thread-13"                  daemon [_thread_in_native, id=24804, stack(0x000000841e300000,0x000000841e400000) (1024K)]
  0x0000024e5fcf6070 JavaThread "pool-2-thread-1"                   [_thread_blocked, id=51256, stack(0x000000841e400000,0x000000841e500000) (1024K)]
  0x0000024e5fcfaf30 JavaThread "WorkspaceEventsHandler"            [_thread_blocked, id=45280, stack(0x000000841e600000,0x000000841e700000) (1024K)]
  0x0000024e5fcfd000 JavaThread "pool-1-thread-1"                   [_thread_blocked, id=25596, stack(0x000000841e700000,0x000000841e800000) (1024K)]
  0x0000024e5ead1840 JavaThread "Cleaner-0"                  daemon [_thread_blocked, id=35624, stack(0x000000841ec00000,0x000000841ed00000) (1024K)]
  0x0000024e595d4660 JavaThread "Java Debug Server"          daemon [_thread_in_native, id=46724, stack(0x000000841ce00000,0x000000841cf00000) (1024K)]
  0x0000024e5f0417f0 JavaThread "pool-10-thread-1"                  [_thread_in_native, id=33948, stack(0x000000841d600000,0x000000841d700000) (1024K)]
  0x0000024e5f041e80 JavaThread "RxSchedulerPurge-1"         daemon [_thread_blocked, id=52016, stack(0x000000841e800000,0x000000841e900000) (1024K)]
  0x0000024e5f042ba0 JavaThread "RxCachedWorkerPoolEvictor-1" daemon [_thread_blocked, id=34980, stack(0x000000841e900000,0x000000841ea00000) (1024K)]
  0x0000024e5f03fdb0 JavaThread "RxNewThreadScheduler-1"     daemon [_thread_blocked, id=15852, stack(0x000000841eb00000,0x000000841ec00000) (1024K)]
  0x0000024e5f0438c0 JavaThread "process reaper (pid 53276)" daemon [_thread_in_native, id=16496, stack(0x0000008419bc0000,0x0000008419be0000) (128K)]
  0x0000024e5f044c70 JavaThread "pool-10-thread-2"                  [_thread_in_native, id=50392, stack(0x000000841b800000,0x000000841b900000) (1024K)]
  0x0000024e5f0466b0 JavaThread "RxNewThreadScheduler-3"     daemon [_thread_blocked, id=49660, stack(0x000000841d500000,0x000000841d600000) (1024K)]
  0x0000024e5f046d40 JavaThread "process reaper (pid 40676)" daemon [_thread_in_native, id=46140, stack(0x0000008419be0000,0x0000008419c00000) (128K)]
  0x0000024e61ed0560 JavaThread "pool-10-thread-3"                  [_thread_in_native, id=33636, stack(0x000000841c700000,0x000000841c800000) (1024K)]
  0x0000024e61ed0bf0 JavaThread "RxNewThreadScheduler-5"     daemon [_thread_blocked, id=47116, stack(0x000000841c800000,0x000000841c900000) (1024K)]
  0x0000024e61ed1280 JavaThread "process reaper (pid 54020)" daemon [_thread_in_native, id=27772, stack(0x000000841c900000,0x000000841c920000) (128K)]
  0x0000024e61eceb20 JavaThread "pool-10-thread-5"                  [_thread_in_native, id=5496, stack(0x000000841bd00000,0x000000841be00000) (1024K)]
  0x0000024e61ecde00 JavaThread "RxNewThreadScheduler-9"     daemon [_thread_blocked, id=15324, stack(0x000000841c500000,0x000000841c600000) (1024K)]
  0x0000024e61ed1fa0 JavaThread "Packet Receive Manager"     daemon [_thread_in_native, id=17588, stack(0x000000841d000000,0x000000841d100000) (1024K)]
  0x0000024e61ed2cc0 JavaThread "Packet Send Manager"        daemon [_thread_blocked, id=49784, stack(0x000000841d400000,0x000000841d500000) (1024K)]
  0x0000024e61ed2630 JavaThread "Event Hub"                  daemon [_thread_blocked, id=36976, stack(0x000000841d300000,0x000000841d400000) (1024K)]
  0x0000024e60a93dc0 JavaThread "pool-10-thread-6"                  [_thread_in_native, id=47988, stack(0x000000841fb00000,0x000000841fc00000) (1024K)]
  0x0000024e60a94ae0 JavaThread "RxNewThreadScheduler-11"    daemon [_thread_blocked, id=19460, stack(0x000000841fc00000,0x000000841fd00000) (1024K)]
  0x0000024e60a95800 JavaThread "process reaper (pid 52724)" daemon [_thread_in_native, id=41648, stack(0x000000841c920000,0x000000841c940000) (128K)]
  0x0000024e5e23e600 JavaThread "pool-10-thread-7"                  [_thread_in_native, id=38760, stack(0x000000841f500000,0x000000841f600000) (1024K)]
  0x0000024e5e240d60 JavaThread "RxNewThreadScheduler-13"    daemon [_thread_blocked, id=44708, stack(0x000000841f700000,0x000000841f800000) (1024K)]
  0x0000024e61ecd0e0 JavaThread "process reaper (pid 34240)" daemon [_thread_in_native, id=228, stack(0x000000841c940000,0x000000841c960000) (128K)]
  0x0000024e5ead1ed0 JavaThread "pool-10-thread-8"                  [_thread_in_native, id=35600, stack(0x000000841f300000,0x000000841f400000) (1024K)]
  0x0000024e5eacfe00 JavaThread "RxNewThreadScheduler-15"    daemon [_thread_blocked, id=50868, stack(0x000000841f400000,0x000000841f500000) (1024K)]
  0x0000024e5ead0b20 JavaThread "process reaper (pid 52964)" daemon [_thread_in_native, id=4808, stack(0x000000841c960000,0x000000841c980000) (128K)]
  0x0000024e5e23d250 JavaThread "pool-10-thread-9"                  [_thread_in_native, id=51160, stack(0x000000841f600000,0x000000841f700000) (1024K)]
  0x0000024e5e23d8e0 JavaThread "RxNewThreadScheduler-17"    daemon [_thread_blocked, id=37980, stack(0x000000841f800000,0x000000841f900000) (1024K)]
  0x0000024e5f043230 JavaThread "process reaper (pid 10668)" daemon [_thread_in_native, id=33252, stack(0x000000841c980000,0x000000841c9a0000) (128K)]
  0x0000024e63049e10 JavaThread "pool-10-thread-10"                 [_thread_in_native, id=43856, stack(0x000000841f200000,0x000000841f300000) (1024K)]
  0x0000024e6304a4a0 JavaThread "RxNewThreadScheduler-19"    daemon [_thread_blocked, id=27060, stack(0x000000841f900000,0x000000841fa00000) (1024K)]
  0x0000024e595d3fd0 JavaThread "process reaper (pid 46872)" daemon [_thread_in_native, id=50684, stack(0x000000841c9a0000,0x000000841c9c0000) (128K)]
  0x0000024e60a96520 JavaThread "pool-10-thread-11"                 [_thread_in_native, id=15932, stack(0x0000008420000000,0x0000008420100000) (1024K)]
  0x0000024e60a93730 JavaThread "RxNewThreadScheduler-21"    daemon [_thread_blocked, id=47456, stack(0x0000008420100000,0x0000008420200000) (1024K)]
  0x0000024e61ecd770 JavaThread "process reaper (pid 29860)" daemon [_thread_in_native, id=38036, stack(0x000000841c9c0000,0x000000841c9e0000) (128K)]
  0x0000024e63f61300 JavaThread "pool-10-thread-12"                 [_thread_in_native, id=17924, stack(0x0000008420500000,0x0000008420600000) (1024K)]
  0x0000024e63f63a60 JavaThread "RxNewThreadScheduler-23"    daemon [_thread_blocked, id=22740, stack(0x0000008420600000,0x0000008420700000) (1024K)]
  0x0000024e63f61990 JavaThread "process reaper (pid 40408)" daemon [_thread_in_native, id=42324, stack(0x000000841c9e0000,0x000000841ca00000) (128K)]
  0x0000024e63f62020 JavaThread "pool-10-thread-14"                 [_thread_in_native, id=10844, stack(0x000000841b900000,0x000000841ba00000) (1024K)]
  0x0000024e63f64e10 JavaThread "RxNewThreadScheduler-27"    daemon [_thread_blocked, id=43780, stack(0x000000841bb00000,0x000000841bc00000) (1024K)]
  0x0000024e63f654a0 JavaThread "Packet Receive Manager"     daemon [_thread_in_native, id=35968, stack(0x000000841d200000,0x000000841d300000) (1024K)]
  0x0000024e63f640f0 JavaThread "Packet Send Manager"        daemon [_thread_blocked, id=7036, stack(0x000000841f100000,0x000000841f200000) (1024K)]
  0x0000024e63f65b30 JavaThread "Event Hub"                  daemon [_thread_blocked, id=51576, stack(0x000000841e500000,0x000000841e600000) (1024K)]
  0x0000024e630448c0 JavaThread "pool-10-thread-15"                 [_thread_in_native, id=51472, stack(0x0000008420700000,0x0000008420800000) (1024K)]
  0x0000024e6304ab30 JavaThread "RxNewThreadScheduler-29"    daemon [_thread_blocked, id=34212, stack(0x0000008420800000,0x0000008420900000) (1024K)]
  0x0000024e5f040440 JavaThread "process reaper (pid 26664)" daemon [_thread_in_native, id=43036, stack(0x0000008420900000,0x0000008420920000) (128K)]
  0x0000024e630490f0 JavaThread "pool-10-thread-16"                 [_thread_in_native, id=6640, stack(0x0000008421020000,0x0000008421120000) (1024K)]
  0x0000024e5ead3fa0 JavaThread "RxNewThreadScheduler-31"    daemon [_thread_blocked, id=29660, stack(0x0000008421120000,0x0000008421220000) (1024K)]
  0x0000024e5e2434c0 JavaThread "process reaper (pid 2196)"  daemon [_thread_in_native, id=2248, stack(0x0000008421220000,0x0000008421240000) (128K)]
  0x0000024e5fcfc2e0 JavaThread "pool-10-thread-17"                 [_thread_in_native, id=30976, stack(0x000000841fa00000,0x000000841fb00000) (1024K)]
  0x0000024e5f0445e0 JavaThread "RxNewThreadScheduler-33"    daemon [_thread_blocked, id=20972, stack(0x000000841fd00000,0x000000841fe00000) (1024K)]
  0x0000024e5f045990 JavaThread "process reaper (pid 45424)" daemon [_thread_in_native, id=24536, stack(0x0000008420b20000,0x0000008420b40000) (128K)]
  0x0000024e63f64780 JavaThread "ForkJoinPool.commonPool-worker-65" daemon [_thread_blocked, id=10008, stack(0x000000841bc00000,0x000000841bd00000) (1024K)]
  0x0000024e63046300 JavaThread "ForkJoinPool.commonPool-worker-69" daemon [_thread_blocked, id=30868, stack(0x000000841ea00000,0x000000841eb00000) (1024K)]
  0x0000024e595d32b0 JavaThread "ForkJoinPool.commonPool-worker-70" daemon [_thread_blocked, id=10436, stack(0x0000008420e40000,0x0000008420f40000) (1024K)]
  0x0000024e5e23df70 JavaThread "Worker-61"                         [_thread_blocked, id=27696, stack(0x0000008420920000,0x0000008420a20000) (1024K)]
  0x0000024e5e57e2b0 JavaThread "Worker-63"                         [_thread_blocked, id=36988, stack(0x000000841a100000,0x000000841a200000) (1024K)]
  0x0000024e5e57e940 JavaThread "ForkJoinPool.commonPool-worker-73" daemon [_thread_blocked, id=24824, stack(0x000000841b000000,0x000000841b100000) (1024K)]
  0x0000024e5e582ae0 JavaThread "ForkJoinPool.commonPool-worker-74" daemon [_thread_blocked, id=28768, stack(0x000000841c400000,0x000000841c500000) (1024K)]
  0x0000024e5e580380 JavaThread "Compiler Source File Reader" daemon [_thread_blocked, id=20548, stack(0x000000841ed00000,0x000000841ee00000) (1024K)]
  0x0000024e5e5879a0 JavaThread "ForkJoinPool.commonPool-worker-76" daemon [_thread_blocked, id=6772, stack(0x0000008420a20000,0x0000008420b20000) (1024K)]
  0x0000024e5e584520 JavaThread "ForkJoinPool.commonPool-worker-77" daemon [_thread_blocked, id=32364, stack(0x0000008420b40000,0x0000008420c40000) (1024K)]
Total: 99

Other Threads:
  0x0000024e16324960 VMThread "VM Thread"                           [id=6108, stack(0x000000841a500000,0x000000841a600000) (1024K)]
  0x0000024e1621ca00 WatcherThread "VM Periodic Task Thread"        [id=36996, stack(0x000000841a400000,0x000000841a500000) (1024K)]
  0x0000024e7d8c8820 WorkerThread "GC Thread#0"                     [id=9040, stack(0x000000841a300000,0x000000841a400000) (1024K)]
  0x0000024e599051f0 WorkerThread "GC Thread#1"                     [id=37644, stack(0x000000841b200000,0x000000841b300000) (1024K)]
  0x0000024e59b8cb00 WorkerThread "GC Thread#2"                     [id=42480, stack(0x000000841b300000,0x000000841b400000) (1024K)]
  0x0000024e59bec9f0 WorkerThread "GC Thread#3"                     [id=15888, stack(0x000000841b400000,0x000000841b500000) (1024K)]
  0x0000024e59cc1600 WorkerThread "GC Thread#4"                     [id=12464, stack(0x000000841b500000,0x000000841b600000) (1024K)]
  0x0000024e59aed0c0 WorkerThread "GC Thread#5"                     [id=6908, stack(0x000000841b600000,0x000000841b700000) (1024K)]
  0x0000024e59981da0 WorkerThread "GC Thread#6"                     [id=15336, stack(0x000000841b700000,0x000000841b800000) (1024K)]
  0x0000024e59981a00 WorkerThread "GC Thread#7"                     [id=7380, stack(0x000000841c100000,0x000000841c200000) (1024K)]
  0x0000024e59980b80 WorkerThread "GC Thread#8"                     [id=47176, stack(0x000000841ca00000,0x000000841cb00000) (1024K)]
  0x0000024e59980f20 WorkerThread "GC Thread#9"                     [id=2364, stack(0x000000841cb00000,0x000000841cc00000) (1024K)]
Total: 12

Threads with active compile tasks:
Total: 0

VM state: not at safepoint (normal execution)

VM Mutex/Monitor currently owned by a thread: None

Heap address: 0x0000000080000000, size: 2048 MB, Compressed Oops mode: 32-bit

CDS archive(s) mapped at: [0x0000024e17000000-0x0000024e17ba0000-0x0000024e17ba0000), size 12189696, SharedBaseAddress: 0x0000024e17000000, ArchiveRelocationMode: 1.
Compressed class space mapped at: 0x0000024e18000000-0x0000024e58000000, reserved size: 1073741824
Narrow klass base: 0x0000024e17000000, Narrow klass shift: 0, Narrow klass range: 0x100000000

GC Precious Log:
 CardTable entry size: 512
 CPUs: 12 total, 12 available
 Memory: 16009M
 Large Page Support: Disabled
 NUMA Support: Disabled
 Compressed Oops: Enabled (32-bit)
 Alignments: Space 512K, Generation 512K, Heap 2M
 Heap Min Capacity: 100M
 Heap Initial Capacity: 100M
 Heap Max Capacity: 2G
 Pre-touch: Disabled
 Parallel Workers: 10

Heap:
 PSYoungGen      total 5632K, used 2391K [0x00000000d5580000, 0x00000000d5c80000, 0x0000000100000000)
  eden space 4608K, 46% used [0x00000000d5580000,0x00000000d5795f10,0x00000000d5a00000)
  from space 1024K, 25% used [0x00000000d5a80000,0x00000000d5ac0000,0x00000000d5b80000)
  to   space 512K, 0% used [0x00000000d5c00000,0x00000000d5c00000,0x00000000d5c80000)
 ParOldGen       total 1282560K, used 1282476K [0x0000000080000000, 0x00000000ce480000, 0x00000000d5580000)
  object space 1282560K, 99% used [0x0000000080000000,0x00000000ce46b118,0x00000000ce480000)
 Metaspace       used 111893K, committed 113728K, reserved 1179648K
  class space    used 11405K, committed 12288K, reserved 1048576K

Card table byte_map: [0x0000024e7d270000,0x0000024e7d680000] _byte_map_base: 0x0000024e7ce70000

Marking Bits: (ParMarkBitMap*) 0x00007ff8e0962460
 Begin Bits: [0x0000024e12140000, 0x0000024e14140000)
 End Bits:   [0x0000024e14140000, 0x0000024e16140000)

Polling page: 0x0000024e7bab0000

Metaspace:

Usage:
  Non-class:     98.13 MB used.
      Class:     11.14 MB used.
       Both:    109.27 MB used.

Virtual space:
  Non-class space:      128.00 MB reserved,      99.06 MB ( 77%) committed,  2 nodes.
      Class space:        1.00 GB reserved,      12.00 MB (  1%) committed,  1 nodes.
             Both:        1.12 GB reserved,     111.06 MB ( 10%) committed. 

Chunk freelists:
   Non-Class:  12.41 MB
       Class:  3.88 MB
        Both:  16.29 MB

MaxMetaspaceSize: unlimited
CompressedClassSpaceSize: 1.00 GB
Initial GC threshold: 21.00 MB
Current GC threshold: 181.81 MB
CDS: on
 - commit_granule_bytes: 65536.
 - commit_granule_words: 8192.
 - virtual_space_node_default_size: 8388608.
 - enlarge_chunks_in_place: 1.
 - use_allocation_guard: 0.


Internal statistics:

num_allocs_failed_limit: 9.
num_arena_births: 2352.
num_arena_deaths: 506.
num_vsnodes_births: 3.
num_vsnodes_deaths: 0.
num_space_committed: 1777.
num_space_uncommitted: 0.
num_chunks_returned_to_freelist: 596.
num_chunks_taken_from_freelist: 8296.
num_chunk_merges: 143.
num_chunk_splits: 4706.
num_chunks_enlarged: 2565.
num_inconsistent_stats: 0.

CodeHeap 'non-profiled nmethods': size=120000Kb used=33970Kb max_used=33970Kb free=86029Kb
 bounds [0x0000024e0ac10000, 0x0000024e0cd40000, 0x0000024e12140000]
CodeHeap 'profiled nmethods': size=120000Kb used=50378Kb max_used=57532Kb free=69621Kb
 bounds [0x0000024e03140000, 0x0000024e06980000, 0x0000024e0a670000]
CodeHeap 'non-nmethods': size=5760Kb used=1568Kb max_used=1639Kb free=4191Kb
 bounds [0x0000024e0a670000, 0x0000024e0a8e0000, 0x0000024e0ac10000]
CodeCache: size=245760Kb, used=85916Kb, max_used=93141Kb, free=159841Kb
 total_blobs=22864, nmethods=21970, adapters=795, full_count=0
Compilation: enabled, stopped_count=0, restarted_count=0

Compilation events (20 events):
Event: 77160.869 Thread 0x0000024e5936b9d0 34745       3       sun.security.provider.SHA5$SHA384::<init> (12 bytes)
Event: 77160.869 Thread 0x0000024e5936b9d0 nmethod 34745 0x0000024e05695210 code [0x0000024e056953e0, 0x0000024e05695848]
Event: 77160.869 Thread 0x0000024e5936b9d0 34746   !   3       javax.crypto.Mac::init (98 bytes)
Event: 77160.870 Thread 0x0000024e5936b9d0 nmethod 34746 0x0000024e05694a90 code [0x0000024e05694c80, 0x0000024e05695028]
Event: 77160.870 Thread 0x0000024e5936b9d0 34747       3       javax.crypto.Mac::update (37 bytes)
Event: 77160.871 Thread 0x0000024e5936b9d0 nmethod 34747 0x0000024e05693e10 code [0x0000024e05694020, 0x0000024e056947c0]
Event: 77160.871 Thread 0x0000024e5936b9d0 34748       3       javax.crypto.Mac::doFinal (38 bytes)
Event: 77160.871 Thread 0x0000024e5936b9d0 nmethod 34748 0x0000024e05693190 code [0x0000024e056933a0, 0x0000024e05693aa0]
Event: 77160.871 Thread 0x0000024e5936b9d0 34749   !   3       com.sun.crypto.provider.HmacCore::engineDoFinal (78 bytes)
Event: 77160.872 Thread 0x0000024e5936b9d0 nmethod 34749 0x0000024e05d8e510 code [0x0000024e05d8e780, 0x0000024e05d8f5e8]
Event: 77160.895 Thread 0x0000024e5936b9d0 34750       3       sun.security.ssl.SSLConfiguration::getEnabledExtensions (79 bytes)
Event: 77160.897 Thread 0x0000024e5936b9d0 nmethod 34750 0x0000024e063fca10 code [0x0000024e063fcc80, 0x0000024e063fd980]
Event: 77160.897 Thread 0x0000024e5936b9d0 34751       3       javax.crypto.MacSpi::<init> (5 bytes)
Event: 77160.897 Thread 0x0000024e5936b9d0 nmethod 34751 0x0000024e058dbf90 code [0x0000024e058dc140, 0x0000024e058dc2a8]
Event: 77160.897 Thread 0x0000024e5936b9d0 34752       3       sun.security.ssl.SSLTrafficKeyDerivation$KeySchedule::getKeyLength (40 bytes)
Event: 77160.899 Thread 0x0000024e5936b9d0 nmethod 34752 0x0000024e056e5190 code [0x0000024e056e5340, 0x0000024e056e5550]
Event: 77160.923 Thread 0x0000024e5936b9d0 34753       3       sun.security.ssl.Record::getInt24 (38 bytes)
Event: 77160.924 Thread 0x0000024e5936b9d0 nmethod 34753 0x0000024e05d8db90 code [0x0000024e05d8dda0, 0x0000024e05d8e340]
Event: 77165.986 Thread 0x0000024e5936b9d0 34754       1       sun.security.ssl.SSLSocketImpl::isClosed (5 bytes)
Event: 77165.986 Thread 0x0000024e5936b9d0 nmethod 34754 0x0000024e0cd3c710 code [0x0000024e0cd3c8a0, 0x0000024e0cd3c970]

GC Heap History (20 events):
Event: 77143.307 GC heap before
{Heap before GC invocations=11427 (full 8):
 PSYoungGen      total 5632K, used 4992K [0x00000000d5580000, 0x00000000d5d80000, 0x0000000100000000)
  eden space 4608K, 100% used [0x00000000d5580000,0x00000000d5a00000,0x00000000d5a00000)
  from space 1024K, 37% used [0x00000000d5b80000,0x00000000d5be0000,0x00000000d5c80000)
  to   space 512K, 0% used [0x00000000d5d00000,0x00000000d5d00000,0x00000000d5d80000)
 ParOldGen       total 1278976K, used 1278650K [0x0000000080000000, 0x00000000ce100000, 0x00000000d5580000)
  object space 1278976K, 99% used [0x0000000080000000,0x00000000ce0aea48,0x00000000ce100000)
 Metaspace       used 111853K, committed 113728K, reserved 1179648K
  class space    used 11402K, committed 12288K, reserved 1048576K
}
Event: 77143.309 GC heap after
{Heap after GC invocations=11427 (full 8):
 PSYoungGen      total 5120K, used 496K [0x00000000d5580000, 0x00000000d5d80000, 0x0000000100000000)
  eden space 4608K, 0% used [0x00000000d5580000,0x00000000d5580000,0x00000000d5a00000)
  from space 512K, 96% used [0x00000000d5d00000,0x00000000d5d7c010,0x00000000d5d80000)
  to   space 1024K, 0% used [0x00000000d5b80000,0x00000000d5b80000,0x00000000d5c80000)
 ParOldGen       total 1278976K, used 1278794K [0x0000000080000000, 0x00000000ce100000, 0x00000000d5580000)
  object space 1278976K, 99% used [0x0000000080000000,0x00000000ce0d2a48,0x00000000ce100000)
 Metaspace       used 111853K, committed 113728K, reserved 1179648K
  class space    used 11402K, committed 12288K, reserved 1048576K
}
Event: 77143.764 GC heap before
{Heap before GC invocations=11428 (full 8):
 PSYoungGen      total 5120K, used 5104K [0x00000000d5580000, 0x00000000d5d80000, 0x0000000100000000)
  eden space 4608K, 100% used [0x00000000d5580000,0x00000000d5a00000,0x00000000d5a00000)
  from space 512K, 96% used [0x00000000d5d00000,0x00000000d5d7c010,0x00000000d5d80000)
  to   space 1024K, 0% used [0x00000000d5b80000,0x00000000d5b80000,0x00000000d5c80000)
 ParOldGen       total 1278976K, used 1278794K [0x0000000080000000, 0x00000000ce100000, 0x00000000d5580000)
  object space 1278976K, 99% used [0x0000000080000000,0x00000000ce0d2a48,0x00000000ce100000)
 Metaspace       used 111853K, committed 113728K, reserved 1179648K
  class space    used 11402K, committed 12288K, reserved 1048576K
}
Event: 77143.767 GC heap after
{Heap after GC invocations=11428 (full 8):
 PSYoungGen      total 5632K, used 928K [0x00000000d5580000, 0x00000000d5d80000, 0x0000000100000000)
  eden space 4608K, 0% used [0x00000000d5580000,0x00000000d5580000,0x00000000d5a00000)
  from space 1024K, 90% used [0x00000000d5b80000,0x00000000d5c68000,0x00000000d5c80000)
  to   space 1024K, 0% used [0x00000000d5c80000,0x00000000d5c80000,0x00000000d5d80000)
 ParOldGen       total 1279488K, used 1279255K [0x0000000080000000, 0x00000000ce180000, 0x00000000d5580000)
  object space 1279488K, 99% used [0x0000000080000000,0x00000000ce145ed8,0x00000000ce180000)
 Metaspace       used 111853K, committed 113728K, reserved 1179648K
  class space    used 11402K, committed 12288K, reserved 1048576K
}
Event: 77143.991 GC heap before
{Heap before GC invocations=11429 (full 8):
 PSYoungGen      total 5632K, used 5535K [0x00000000d5580000, 0x00000000d5d80000, 0x0000000100000000)
  eden space 4608K, 99% used [0x00000000d5580000,0x00000000d59fff18,0x00000000d5a00000)
  from space 1024K, 90% used [0x00000000d5b80000,0x00000000d5c68000,0x00000000d5c80000)
  to   space 1024K, 0% used [0x00000000d5c80000,0x00000000d5c80000,0x00000000d5d80000)
 ParOldGen       total 1279488K, used 1279255K [0x0000000080000000, 0x00000000ce180000, 0x00000000d5580000)
  object space 1279488K, 99% used [0x0000000080000000,0x00000000ce145ed8,0x00000000ce180000)
 Metaspace       used 111853K, committed 113728K, reserved 1179648K
  class space    used 11402K, committed 12288K, reserved 1048576K
}
Event: 77143.994 GC heap after
{Heap after GC invocations=11429 (full 8):
 PSYoungGen      total 5120K, used 304K [0x00000000d5580000, 0x00000000d5d00000, 0x0000000100000000)
  eden space 4608K, 0% used [0x00000000d5580000,0x00000000d5580000,0x00000000d5a00000)
  from space 512K, 59% used [0x00000000d5c80000,0x00000000d5ccc010,0x00000000d5d00000)
  to   space 1024K, 0% used [0x00000000d5b00000,0x00000000d5b00000,0x00000000d5c00000)
 ParOldGen       total 1280512K, used 1280092K [0x0000000080000000, 0x00000000ce280000, 0x00000000d5580000)
  object space 1280512K, 99% used [0x0000000080000000,0x00000000ce217368,0x00000000ce280000)
 Metaspace       used 111853K, committed 113728K, reserved 1179648K
  class space    used 11402K, committed 12288K, reserved 1048576K
}
Event: 77144.793 GC heap before
{Heap before GC invocations=11430 (full 8):
 PSYoungGen      total 5120K, used 4912K [0x00000000d5580000, 0x00000000d5d00000, 0x0000000100000000)
  eden space 4608K, 100% used [0x00000000d5580000,0x00000000d5a00000,0x00000000d5a00000)
  from space 512K, 59% used [0x00000000d5c80000,0x00000000d5ccc010,0x00000000d5d00000)
  to   space 1024K, 0% used [0x00000000d5b00000,0x00000000d5b00000,0x00000000d5c00000)
 ParOldGen       total 1280512K, used 1280092K [0x0000000080000000, 0x00000000ce280000, 0x00000000d5580000)
  object space 1280512K, 99% used [0x0000000080000000,0x00000000ce217368,0x00000000ce280000)
 Metaspace       used 111853K, committed 113728K, reserved 1179648K
  class space    used 11402K, committed 12288K, reserved 1048576K
}
Event: 77144.796 GC heap after
{Heap after GC invocations=11430 (full 8):
 PSYoungGen      total 5632K, used 352K [0x00000000d5580000, 0x00000000d5d00000, 0x0000000100000000)
  eden space 4608K, 0% used [0x00000000d5580000,0x00000000d5580000,0x00000000d5a00000)
  from space 1024K, 34% used [0x00000000d5b00000,0x00000000d5b58000,0x00000000d5c00000)
  to   space 512K, 0% used [0x00000000d5c80000,0x00000000d5c80000,0x00000000d5d00000)
 ParOldGen       total 1280512K, used 1280204K [0x0000000080000000, 0x00000000ce280000, 0x00000000d5580000)
  object space 1280512K, 99% used [0x0000000080000000,0x00000000ce233368,0x00000000ce280000)
 Metaspace       used 111853K, committed 113728K, reserved 1179648K
  class space    used 11402K, committed 12288K, reserved 1048576K
}
Event: 77145.041 GC heap before
{Heap before GC invocations=11431 (full 8):
 PSYoungGen      total 5632K, used 4960K [0x00000000d5580000, 0x00000000d5d00000, 0x0000000100000000)
  eden space 4608K, 100% used [0x00000000d5580000,0x00000000d5a00000,0x00000000d5a00000)
  from space 1024K, 34% used [0x00000000d5b00000,0x00000000d5b58000,0x00000000d5c00000)
  to   space 512K, 0% used [0x00000000d5c80000,0x00000000d5c80000,0x00000000d5d00000)
 ParOldGen       total 1280512K, used 1280204K [0x0000000080000000, 0x00000000ce280000, 0x00000000d5580000)
  object space 1280512K, 99% used [0x0000000080000000,0x00000000ce233368,0x00000000ce280000)
 Metaspace       used 111853K, committed 113728K, reserved 1179648K
  class space    used 11402K, committed 12288K, reserved 1048576K
}
Event: 77145.044 GC heap after
{Heap after GC invocations=11431 (full 8):
 PSYoungGen      total 5120K, used 496K [0x00000000d5580000, 0x00000000d5d00000, 0x0000000100000000)
  eden space 4608K, 0% used [0x00000000d5580000,0x00000000d5580000,0x00000000d5a00000)
  from space 512K, 96% used [0x00000000d5c80000,0x00000000d5cfc010,0x00000000d5d00000)
  to   space 1024K, 0% used [0x00000000d5b00000,0x00000000d5b00000,0x00000000d5c00000)
 ParOldGen       total 1281024K, used 1280545K [0x0000000080000000, 0x00000000ce300000, 0x00000000d5580000)
  object space 1281024K, 99% used [0x0000000080000000,0x00000000ce2887e8,0x00000000ce300000)
 Metaspace       used 111853K, committed 113728K, reserved 1179648K
  class space    used 11402K, committed 12288K, reserved 1048576K
}
Event: 77145.260 GC heap before
{Heap before GC invocations=11432 (full 8):
 PSYoungGen      total 5120K, used 5104K [0x00000000d5580000, 0x00000000d5d00000, 0x0000000100000000)
  eden space 4608K, 100% used [0x00000000d5580000,0x00000000d5a00000,0x00000000d5a00000)
  from space 512K, 96% used [0x00000000d5c80000,0x00000000d5cfc010,0x00000000d5d00000)
  to   space 1024K, 0% used [0x00000000d5b00000,0x00000000d5b00000,0x00000000d5c00000)
 ParOldGen       total 1281024K, used 1280545K [0x0000000080000000, 0x00000000ce300000, 0x00000000d5580000)
  object space 1281024K, 99% used [0x0000000080000000,0x00000000ce2887e8,0x00000000ce300000)
 Metaspace       used 111853K, committed 113728K, reserved 1179648K
  class space    used 11402K, committed 12288K, reserved 1048576K
}
Event: 77145.264 GC heap after
{Heap after GC invocations=11432 (full 8):
 PSYoungGen      total 5632K, used 512K [0x00000000d5580000, 0x00000000d5d00000, 0x0000000100000000)
  eden space 4608K, 0% used [0x00000000d5580000,0x00000000d5580000,0x00000000d5a00000)
  from space 1024K, 50% used [0x00000000d5b00000,0x00000000d5b80000,0x00000000d5c00000)
  to   space 1024K, 0% used [0x00000000d5c00000,0x00000000d5c00000,0x00000000d5d00000)
 ParOldGen       total 1281536K, used 1281055K [0x0000000080000000, 0x00000000ce380000, 0x00000000d5580000)
  object space 1281536K, 99% used [0x0000000080000000,0x00000000ce307c78,0x00000000ce380000)
 Metaspace       used 111853K, committed 113728K, reserved 1179648K
  class space    used 11402K, committed 12288K, reserved 1048576K
}
Event: 77147.003 GC heap before
{Heap before GC invocations=11433 (full 8):
 PSYoungGen      total 5632K, used 5120K [0x00000000d5580000, 0x00000000d5d00000, 0x0000000100000000)
  eden space 4608K, 100% used [0x00000000d5580000,0x00000000d5a00000,0x00000000d5a00000)
  from space 1024K, 50% used [0x00000000d5b00000,0x00000000d5b80000,0x00000000d5c00000)
  to   space 1024K, 0% used [0x00000000d5c00000,0x00000000d5c00000,0x00000000d5d00000)
 ParOldGen       total 1281536K, used 1281055K [0x0000000080000000, 0x00000000ce380000, 0x00000000d5580000)
  object space 1281536K, 99% used [0x0000000080000000,0x00000000ce307c78,0x00000000ce380000)
 Metaspace       used 111854K, committed 113728K, reserved 1179648K
  class space    used 11402K, committed 12288K, reserved 1048576K
}
Event: 77147.006 GC heap after
{Heap after GC invocations=11433 (full 8):
 PSYoungGen      total 5120K, used 464K [0x00000000d5580000, 0x00000000d5c80000, 0x0000000100000000)
  eden space 4608K, 0% used [0x00000000d5580000,0x00000000d5580000,0x00000000d5a00000)
  from space 512K, 90% used [0x00000000d5c00000,0x00000000d5c74010,0x00000000d5c80000)
  to   space 512K, 0% used [0x00000000d5b80000,0x00000000d5b80000,0x00000000d5c00000)
 ParOldGen       total 1281536K, used 1281071K [0x0000000080000000, 0x00000000ce380000, 0x00000000d5580000)
  object space 1281536K, 99% used [0x0000000080000000,0x00000000ce30bc78,0x00000000ce380000)
 Metaspace       used 111854K, committed 113728K, reserved 1179648K
  class space    used 11402K, committed 12288K, reserved 1048576K
}
Event: 77147.407 GC heap before
{Heap before GC invocations=11434 (full 8):
 PSYoungGen      total 5120K, used 5072K [0x00000000d5580000, 0x00000000d5c80000, 0x0000000100000000)
  eden space 4608K, 100% used [0x00000000d5580000,0x00000000d5a00000,0x00000000d5a00000)
  from space 512K, 90% used [0x00000000d5c00000,0x00000000d5c74010,0x00000000d5c80000)
  to   space 512K, 0% used [0x00000000d5b80000,0x00000000d5b80000,0x00000000d5c00000)
 ParOldGen       total 1281536K, used 1281071K [0x0000000080000000, 0x00000000ce380000, 0x00000000d5580000)
  object space 1281536K, 99% used [0x0000000080000000,0x00000000ce30bc78,0x00000000ce380000)
 Metaspace       used 111854K, committed 113728K, reserved 1179648K
  class space    used 11402K, committed 12288K, reserved 1048576K
}
Event: 77147.410 GC heap after
{Heap after GC invocations=11434 (full 8):
 PSYoungGen      total 5120K, used 512K [0x00000000d5580000, 0x00000000d5d00000, 0x0000000100000000)
  eden space 4608K, 0% used [0x00000000d5580000,0x00000000d5580000,0x00000000d5a00000)
  from space 512K, 100% used [0x00000000d5b80000,0x00000000d5c00000,0x00000000d5c00000)
  to   space 1024K, 0% used [0x00000000d5c00000,0x00000000d5c00000,0x00000000d5d00000)
 ParOldGen       total 1282048K, used 1281653K [0x0000000080000000, 0x00000000ce400000, 0x00000000d5580000)
  object space 1282048K, 99% used [0x0000000080000000,0x00000000ce39d6c8,0x00000000ce400000)
 Metaspace       used 111854K, committed 113728K, reserved 1179648K
  class space    used 11402K, committed 12288K, reserved 1048576K
}
Event: 77147.940 GC heap before
{Heap before GC invocations=11435 (full 8):
 PSYoungGen      total 5120K, used 5120K [0x00000000d5580000, 0x00000000d5d00000, 0x0000000100000000)
  eden space 4608K, 100% used [0x00000000d5580000,0x00000000d5a00000,0x00000000d5a00000)
  from space 512K, 100% used [0x00000000d5b80000,0x00000000d5c00000,0x00000000d5c00000)
  to   space 1024K, 0% used [0x00000000d5c00000,0x00000000d5c00000,0x00000000d5d00000)
 ParOldGen       total 1282048K, used 1281653K [0x0000000080000000, 0x00000000ce400000, 0x00000000d5580000)
  object space 1282048K, 99% used [0x0000000080000000,0x00000000ce39d6c8,0x00000000ce400000)
 Metaspace       used 111854K, committed 113728K, reserved 1179648K
  class space    used 11402K, committed 12288K, reserved 1048576K
}
Event: 77147.943 GC heap after
{Heap after GC invocations=11435 (full 8):
 PSYoungGen      total 5120K, used 480K [0x00000000d5580000, 0x00000000d5c80000, 0x0000000100000000)
  eden space 4608K, 0% used [0x00000000d5580000,0x00000000d5580000,0x00000000d5a00000)
  from space 512K, 93% used [0x00000000d5c00000,0x00000000d5c78000,0x00000000d5c80000)
  to   space 1024K, 0% used [0x00000000d5a80000,0x00000000d5a80000,0x00000000d5b80000)
 ParOldGen       total 1282560K, used 1282172K [0x0000000080000000, 0x00000000ce480000, 0x00000000d5580000)
  object space 1282560K, 99% used [0x0000000080000000,0x00000000ce41f118,0x00000000ce480000)
 Metaspace       used 111854K, committed 113728K, reserved 1179648K
  class space    used 11402K, committed 12288K, reserved 1048576K
}
Event: 77159.150 GC heap before
{Heap before GC invocations=11436 (full 8):
 PSYoungGen      total 5120K, used 5088K [0x00000000d5580000, 0x00000000d5c80000, 0x0000000100000000)
  eden space 4608K, 100% used [0x00000000d5580000,0x00000000d5a00000,0x00000000d5a00000)
  from space 512K, 93% used [0x00000000d5c00000,0x00000000d5c78000,0x00000000d5c80000)
  to   space 1024K, 0% used [0x00000000d5a80000,0x00000000d5a80000,0x00000000d5b80000)
 ParOldGen       total 1282560K, used 1282172K [0x0000000080000000, 0x00000000ce480000, 0x00000000d5580000)
  object space 1282560K, 99% used [0x0000000080000000,0x00000000ce41f118,0x00000000ce480000)
 Metaspace       used 111858K, committed 113728K, reserved 1179648K
  class space    used 11402K, committed 12288K, reserved 1048576K
}
Event: 77159.153 GC heap after
{Heap after GC invocations=11436 (full 8):
 PSYoungGen      total 5632K, used 256K [0x00000000d5580000, 0x00000000d5c80000, 0x0000000100000000)
  eden space 4608K, 0% used [0x00000000d5580000,0x00000000d5580000,0x00000000d5a00000)
  from space 1024K, 25% used [0x00000000d5a80000,0x00000000d5ac0000,0x00000000d5b80000)
  to   space 512K, 0% used [0x00000000d5c00000,0x00000000d5c00000,0x00000000d5c80000)
 ParOldGen       total 1282560K, used 1282476K [0x0000000080000000, 0x00000000ce480000, 0x00000000d5580000)
  object space 1282560K, 99% used [0x0000000080000000,0x00000000ce46b118,0x00000000ce480000)
 Metaspace       used 111858K, committed 113728K, reserved 1179648K
  class space    used 11402K, committed 12288K, reserved 1048576K
}

Dll operation events (14 events):
Event: 1.120 Loaded shared library c:\Users\ashis\.vscode\extensions\redhat.java-1.51.0-win32-x64\jre\21.0.9-win32-x86_64\bin\java.dll
Event: 1.327 Loaded shared library c:\Users\ashis\.vscode\extensions\redhat.java-1.51.0-win32-x64\jre\21.0.9-win32-x86_64\bin\zip.dll
Event: 1.352 Loaded shared library C:\Users\ashis\.vscode\extensions\redhat.java-1.51.0-win32-x64\jre\21.0.9-win32-x86_64\bin\instrument.dll
Event: 1.494 Loaded shared library C:\Users\ashis\.vscode\extensions\redhat.java-1.51.0-win32-x64\jre\21.0.9-win32-x86_64\bin\net.dll
Event: 1.631 Loaded shared library C:\Users\ashis\.vscode\extensions\redhat.java-1.51.0-win32-x64\jre\21.0.9-win32-x86_64\bin\nio.dll
Event: 1.635 Loaded shared library C:\Users\ashis\.vscode\extensions\redhat.java-1.51.0-win32-x64\jre\21.0.9-win32-x86_64\bin\zip.dll
Event: 1.657 Loaded shared library C:\Users\ashis\.vscode\extensions\redhat.java-1.51.0-win32-x64\jre\21.0.9-win32-x86_64\bin\jimage.dll
Event: 1.878 Loaded shared library c:\Users\ashis\.vscode\extensions\redhat.java-1.51.0-win32-x64\jre\21.0.9-win32-x86_64\bin\verify.dll
Event: 3.993 Loaded shared library C:\Users\ashis\AppData\Roaming\Code\User\globalStorage\redhat.java\1.51.0\config_win\org.eclipse.equinox.launcher\org.eclipse.equinox.launcher.win32.win32.x86_64_1.2.1400.v20250801-0854\eclipse_11916.dll
Event: 5.447 Loaded shared library C:\Users\ashis\.vscode\extensions\redhat.java-1.51.0-win32-x64\jre\21.0.9-win32-x86_64\bin\management.dll
Event: 5.451 Loaded shared library C:\Users\ashis\.vscode\extensions\redhat.java-1.51.0-win32-x64\jre\21.0.9-win32-x86_64\bin\management_ext.dll
Event: 7.133 Loaded shared library C:\Users\ashis\AppData\Local\Temp\jna-93110816\jna5843717057762257467.dll
Event: 7.613 Loaded shared library C:\Users\ashis\.vscode\extensions\redhat.java-1.51.0-win32-x64\jre\21.0.9-win32-x86_64\bin\sunmscapi.dll
Event: 8.293 Loaded shared library C:\Users\ashis\.vscode\extensions\redhat.java-1.51.0-win32-x64\jre\21.0.9-win32-x86_64\bin\extnet.dll

Deoptimization events (20 events):
Event: 77133.838 Thread 0x0000024e63046300 Uncommon trap: trap_request=0xffffff45 fr.pc=0x0000024e0ba13cd8 relative=0x0000000000000118
Event: 77133.838 Thread 0x0000024e63046300 Uncommon trap: reason=unstable_if action=reinterpret pc=0x0000024e0ba13cd8 method=org.eclipse.jdt.core.dom.DefaultCommentMapper$CommentMapperVisitor.endVisitNode(Lorg/eclipse/jdt/core/dom/ASTNode;)V @ 64 c2
Event: 77133.838 Thread 0x0000024e63046300 DEOPT PACKING pc=0x0000024e0ba13cd8 sp=0x000000841eafe8e0
Event: 77133.838 Thread 0x0000024e63046300 DEOPT UNPACKING pc=0x0000024e0a6c3aa2 sp=0x000000841eafe870 mode 2
Event: 77135.653 Thread 0x0000024e63046300 Uncommon trap: trap_request=0xffffffde fr.pc=0x0000024e0c526ba4 relative=0x0000000000000944
Event: 77135.653 Thread 0x0000024e63046300 Uncommon trap: reason=class_check action=maybe_recompile pc=0x0000024e0c526ba4 method=java.util.concurrent.ConcurrentHashMap.get(Ljava/lang/Object;)Ljava/lang/Object; @ 93 c2
Event: 77135.653 Thread 0x0000024e63046300 DEOPT PACKING pc=0x0000024e0c526ba4 sp=0x000000841eafe2c0
Event: 77135.653 Thread 0x0000024e63046300 DEOPT UNPACKING pc=0x0000024e0a6c3aa2 sp=0x000000841eafe0d8 mode 2
Event: 77158.959 Thread 0x0000024e5e5879a0 Uncommon trap: trap_request=0xffffffc6 fr.pc=0x0000024e0bacd260 relative=0x0000000000000060
Event: 77158.959 Thread 0x0000024e5e5879a0 Uncommon trap: reason=bimorphic_or_optimized_type_check action=maybe_recompile pc=0x0000024e0bacd260 method=org.eclipse.jdt.internal.core.Openable.getBuffer()Lorg/eclipse/jdt/core/IBuffer; @ 1 c2
Event: 77158.959 Thread 0x0000024e5e5879a0 DEOPT PACKING pc=0x0000024e0bacd260 sp=0x0000008420b1ee10
Event: 77158.959 Thread 0x0000024e5e5879a0 DEOPT UNPACKING pc=0x0000024e0a6c3aa2 sp=0x0000008420b1edc0 mode 2
Event: 77159.139 Thread 0x0000024e5e5879a0 Uncommon trap: trap_request=0xffffff45 fr.pc=0x0000024e0b883654 relative=0x0000000000001414
Event: 77159.139 Thread 0x0000024e5e5879a0 Uncommon trap: reason=unstable_if action=reinterpret pc=0x0000024e0b883654 method=java.nio.ByteBuffer.putArray(I[BII)Ljava/nio/ByteBuffer; @ 9 c2
Event: 77159.139 Thread 0x0000024e5e5879a0 DEOPT PACKING pc=0x0000024e0b883654 sp=0x0000008420b1dd90
Event: 77159.139 Thread 0x0000024e5e5879a0 DEOPT UNPACKING pc=0x0000024e0a6c3aa2 sp=0x0000008420b1dab8 mode 2
Event: 77160.897 Thread 0x0000024e5e5879a0 Uncommon trap: trap_request=0xffffff45 fr.pc=0x0000024e0ba72360 relative=0x0000000000000e20
Event: 77160.897 Thread 0x0000024e5e5879a0 Uncommon trap: reason=unstable_if action=reinterpret pc=0x0000024e0ba72360 method=sun.nio.ch.NioSocketImpl.implRead([BII)I @ 64 c2
Event: 77160.898 Thread 0x0000024e5e5879a0 DEOPT PACKING pc=0x0000024e0ba72360 sp=0x0000008420b1e070
Event: 77160.898 Thread 0x0000024e5e5879a0 DEOPT UNPACKING pc=0x0000024e0a6c3aa2 sp=0x0000008420b1dd40 mode 2

Classes loaded (20 events):
Event: 7967.720 Loading class com/sun/crypto/provider/HmacCore$HmacSHA256
Event: 7967.723 Loading class com/sun/crypto/provider/HmacCore$HmacSHA256 done
Event: 7967.762 Loading class sun/security/rsa/MGF1
Event: 7967.763 Loading class sun/security/rsa/MGF1 done
Event: 7967.765 Loading class sun/security/ssl/CipherSuite$1
Event: 7967.767 Loading class sun/security/ssl/CipherSuite$1 done
Event: 7968.394 Loading class java/util/stream/FindOps$FindSink$OfLong
Event: 7968.395 Loading class java/util/stream/FindOps$FindSink$OfLong done
Event: 7968.405 Loading class java/util/OptionalLong
Event: 7968.407 Loading class java/util/OptionalLong done
Event: 75579.806 Loading class java/nio/file/attribute/PosixFileAttributes
Event: 75579.818 Loading class java/nio/file/attribute/PosixFileAttributes done
Event: 77160.838 Loading class sun/net/www/protocol/http/HttpURLConnection$10
Event: 77160.839 Loading class sun/net/www/protocol/http/HttpURLConnection$10 done
Event: 77160.947 Loading class sun/net/www/http/KeepAliveCleanerEntry
Event: 77160.948 Loading class sun/net/www/http/KeepAliveCleanerEntry done
Event: 77160.948 Loading class sun/net/www/http/KeepAliveStream$1
Event: 77160.948 Loading class sun/net/www/http/KeepAliveStream$1 done
Event: 77160.949 Loading class sun/net/www/http/ChunkedInputStream
Event: 77160.951 Loading class sun/net/www/http/ChunkedInputStream done

Classes unloaded (20 events):
Event: 5487.077 Thread 0x0000024e16324960 Unloading class 0x0000024e18006000 'java/lang/invoke/LambdaForm$MH+0x0000024e18006000'
Event: 5487.077 Thread 0x0000024e16324960 Unloading class 0x0000024e18005c00 'java/lang/invoke/LambdaForm$BMH+0x0000024e18005c00'
Event: 5487.077 Thread 0x0000024e16324960 Unloading class 0x0000024e18004800 'java/lang/invoke/LambdaForm$DMH+0x0000024e18004800'
Event: 5487.077 Thread 0x0000024e16324960 Unloading class 0x0000024e18002400 'java/lang/invoke/LambdaForm$MH+0x0000024e18002400'
Event: 5487.077 Thread 0x0000024e16324960 Unloading class 0x0000024e18002000 'java/lang/invoke/LambdaForm$MH+0x0000024e18002000'
Event: 5487.077 Thread 0x0000024e16324960 Unloading class 0x0000024e18001800 'java/lang/invoke/LambdaForm$MH+0x0000024e18001800'
Event: 9411.937 Thread 0x0000024e16324960 Unloading class 0x0000024e18bed400 'java/lang/invoke/LambdaForm$MH+0x0000024e18bed400'
Event: 9411.938 Thread 0x0000024e16324960 Unloading class 0x0000024e18bed000 'java/lang/invoke/LambdaForm$MH+0x0000024e18bed000'
Event: 9411.938 Thread 0x0000024e16324960 Unloading class 0x0000024e18854c00 'java/lang/invoke/LambdaForm$MH+0x0000024e18854c00'
Event: 9411.938 Thread 0x0000024e16324960 Unloading class 0x0000024e18951000 'java/lang/invoke/LambdaForm$MH+0x0000024e18951000'
Event: 9411.938 Thread 0x0000024e16324960 Unloading class 0x0000024e18a26c00 'java/lang/invoke/LambdaForm$MH+0x0000024e18a26c00'
Event: 9411.938 Thread 0x0000024e16324960 Unloading class 0x0000024e18ae0000 'java/lang/invoke/LambdaForm$MH+0x0000024e18ae0000'
Event: 9411.938 Thread 0x0000024e16324960 Unloading class 0x0000024e18aa1400 'java/lang/invoke/LambdaForm$BMH+0x0000024e18aa1400'
Event: 9411.938 Thread 0x0000024e16324960 Unloading class 0x0000024e18aa0800 'java/lang/invoke/LambdaForm$BMH+0x0000024e18aa0800'
Event: 9411.938 Thread 0x0000024e16324960 Unloading class 0x0000024e18338400 'java/lang/invoke/LambdaForm$BMH+0x0000024e18338400'
Event: 9411.938 Thread 0x0000024e16324960 Unloading class 0x0000024e1817e800 'java/lang/invoke/LambdaForm$MH+0x0000024e1817e800'
Event: 9411.938 Thread 0x0000024e16324960 Unloading class 0x0000024e1817e000 'java/lang/invoke/LambdaForm$MH+0x0000024e1817e000'
Event: 9411.938 Thread 0x0000024e16324960 Unloading class 0x0000024e1817dc00 'java/lang/invoke/LambdaForm$MH+0x0000024e1817dc00'
Event: 9411.938 Thread 0x0000024e16324960 Unloading class 0x0000024e18120400 'java/lang/invoke/LambdaForm$MH+0x0000024e18120400'
Event: 9411.938 Thread 0x0000024e16324960 Unloading class 0x0000024e18000400 'java/lang/invoke/LambdaForm$MH+0x0000024e18000400'

Classes redefined (0 events):
No events

Internal exceptions (20 events):
Event: 76867.255 Thread 0x0000024e5ead3280 Exception <a 'sun/nio/fs/WindowsException'{0x00000000d5710a78}> (0x00000000d5710a78) 
thrown [s\src\hotspot\share\prims\jni.cpp, line 520]
Event: 76874.749 Thread 0x0000024e5ead3280 Exception <a 'sun/nio/fs/WindowsException'{0x00000000d577dfd8}> (0x00000000d577dfd8) 
thrown [s\src\hotspot\share\prims\jni.cpp, line 520]
Event: 76874.842 Thread 0x0000024e5ead3280 Exception <a 'sun/nio/fs/WindowsException'{0x00000000d56ccf30}> (0x00000000d56ccf30) 
thrown [s\src\hotspot\share\prims\jni.cpp, line 520]
Event: 76877.658 Thread 0x0000024e5ead3280 Exception <a 'sun/nio/fs/WindowsException'{0x00000000d5643ed0}> (0x00000000d5643ed0) 
thrown [s\src\hotspot\share\prims\jni.cpp, line 520]
Event: 76877.742 Thread 0x0000024e5ead3280 Exception <a 'sun/nio/fs/WindowsException'{0x00000000d560c818}> (0x00000000d560c818) 
thrown [s\src\hotspot\share\prims\jni.cpp, line 520]
Event: 76902.383 Thread 0x0000024e5ead3280 Exception <a 'sun/nio/fs/WindowsException'{0x00000000d5735f28}> (0x00000000d5735f28) 
thrown [s\src\hotspot\share\prims\jni.cpp, line 520]
Event: 76902.482 Thread 0x0000024e5ead3280 Exception <a 'sun/nio/fs/WindowsException'{0x00000000d5626df0}> (0x00000000d5626df0) 
thrown [s\src\hotspot\share\prims\jni.cpp, line 520]
Event: 76905.054 Thread 0x0000024e5ead3280 Exception <a 'sun/nio/fs/WindowsException'{0x00000000d55814e0}> (0x00000000d55814e0) 
thrown [s\src\hotspot\share\prims\jni.cpp, line 520]
Event: 76905.136 Thread 0x0000024e5ead3280 Exception <a 'sun/nio/fs/WindowsException'{0x00000000d56d1478}> (0x00000000d56d1478) 
thrown [s\src\hotspot\share\prims\jni.cpp, line 520]
Event: 76909.876 Thread 0x0000024e5ead3280 Exception <a 'sun/nio/fs/WindowsException'{0x00000000d588d740}> (0x00000000d588d740) 
thrown [s\src\hotspot\share\prims\jni.cpp, line 520]
Event: 76909.970 Thread 0x0000024e5ead3280 Exception <a 'sun/nio/fs/WindowsException'{0x00000000d560ca48}> (0x00000000d560ca48) 
thrown [s\src\hotspot\share\prims\jni.cpp, line 520]
Event: 76918.825 Thread 0x0000024e5ead3280 Exception <a 'sun/nio/fs/WindowsException'{0x00000000d5655fd8}> (0x00000000d5655fd8) 
thrown [s\src\hotspot\share\prims\jni.cpp, line 520]
Event: 76918.903 Thread 0x0000024e5ead3280 Exception <a 'sun/nio/fs/WindowsException'{0x00000000d55e2a40}> (0x00000000d55e2a40) 
thrown [s\src\hotspot\share\prims\jni.cpp, line 520]
Event: 76937.518 Thread 0x0000024e5ead3280 Exception <a 'sun/nio/fs/WindowsException'{0x00000000d57f3478}> (0x00000000d57f3478) 
thrown [s\src\hotspot\share\prims\jni.cpp, line 520]
Event: 76937.615 Thread 0x0000024e5ead3280 Exception <a 'sun/nio/fs/WindowsException'{0x00000000d55e3368}> (0x00000000d55e3368) 
thrown [s\src\hotspot\share\prims\jni.cpp, line 520]
Event: 76970.837 Thread 0x0000024e5e583170 Implicit null exception at 0x0000024e0c614bb9 to 0x0000024e0c614c5c
Event: 77111.333 Thread 0x0000024e5e57e2b0 Exception <a 'sun/nio/fs/WindowsException'{0x00000000d5844810}> (0x00000000d5844810) 
thrown [s\src\hotspot\share\prims\jni.cpp, line 520]
Event: 77111.334 Thread 0x0000024e5e57e2b0 Exception <a 'sun/nio/fs/WindowsException'{0x00000000d59909d0}> (0x00000000d59909d0) 
thrown [s\src\hotspot\share\prims\jni.cpp, line 520]
Event: 77135.649 Thread 0x0000024e5ead3280 Exception <a 'sun/nio/fs/WindowsException'{0x00000000d585d638}> (0x00000000d585d638) 
thrown [s\src\hotspot\share\prims\jni.cpp, line 520]
Event: 77135.727 Thread 0x0000024e5ead3280 Exception <a 'sun/nio/fs/WindowsException'{0x00000000d57092f8}> (0x00000000d57092f8) 
thrown [s\src\hotspot\share\prims\jni.cpp, line 520]

ZGC Phase Switch (0 events):
No events

VM Operations (20 events):
Event: 77145.260 Executing VM operation: ParallelGCFailedAllocation (Allocation Failure)
Event: 77145.264 Executing VM operation: ParallelGCFailedAllocation (Allocation Failure) done
Event: 77147.003 Executing VM operation: ParallelGCFailedAllocation (Allocation Failure)
Event: 77147.006 Executing VM operation: ParallelGCFailedAllocation (Allocation Failure) done
Event: 77147.407 Executing VM operation: ParallelGCFailedAllocation (Allocation Failure)
Event: 77147.410 Executing VM operation: ParallelGCFailedAllocation (Allocation Failure) done
Event: 77147.940 Executing VM operation: ParallelGCFailedAllocation (Allocation Failure)
Event: 77147.943 Executing VM operation: ParallelGCFailedAllocation (Allocation Failure) done
Event: 77148.935 Executing VM operation: HandshakeAllThreads (HandshakeForDeflation)
Event: 77148.935 Executing VM operation: HandshakeAllThreads (HandshakeForDeflation) done
Event: 77148.935 Executing VM operation: RendezvousGCThreads
Event: 77148.935 Executing VM operation: RendezvousGCThreads done
Event: 77159.033 Executing VM operation: Cleanup
Event: 77159.033 Executing VM operation: Cleanup done
Event: 77159.150 Executing VM operation: ParallelGCFailedAllocation (Allocation Failure)
Event: 77159.153 Executing VM operation: ParallelGCFailedAllocation (Allocation Failure) done
Event: 77160.153 Executing VM operation: Cleanup
Event: 77160.153 Executing VM operation: Cleanup done
Event: 77161.164 Executing VM operation: Cleanup
Event: 77161.164 Executing VM operation: Cleanup done

Memory protections (0 events):
No events

Nmethod flushes (20 events):
Event: 9412.468 Thread 0x0000024e16324960 flushing  nmethod 0x0000024e068d5d90
Event: 9412.468 Thread 0x0000024e16324960 flushing  nmethod 0x0000024e068dcf10
Event: 9412.468 Thread 0x0000024e16324960 flushing  nmethod 0x0000024e068e6110
Event: 9412.469 Thread 0x0000024e16324960 flushing  nmethod 0x0000024e068eba10
Event: 9412.469 Thread 0x0000024e16324960 flushing  nmethod 0x0000024e068ebe90
Event: 9412.469 Thread 0x0000024e16324960 flushing  nmethod 0x0000024e068f2810
Event: 9412.469 Thread 0x0000024e16324960 flushing  nmethod 0x0000024e068f3490
Event: 9412.469 Thread 0x0000024e16324960 flushing  nmethod 0x0000024e068f4110
Event: 9412.469 Thread 0x0000024e16324960 flushing  nmethod 0x0000024e068f5010
Event: 9412.469 Thread 0x0000024e16324960 flushing  nmethod 0x0000024e06901710
Event: 9412.469 Thread 0x0000024e16324960 flushing  nmethod 0x0000024e06901f10
Event: 9412.469 Thread 0x0000024e16324960 flushing  nmethod 0x0000024e06902d90
Event: 9412.469 Thread 0x0000024e16324960 flushing  nmethod 0x0000024e0691bf90
Event: 9412.469 Thread 0x0000024e16324960 flushing  nmethod 0x0000024e0693b310
Event: 9412.469 Thread 0x0000024e16324960 flushing  nmethod 0x0000024e06942a90
Event: 9412.469 Thread 0x0000024e16324960 flushing  nmethod 0x0000024e06943810
Event: 9412.469 Thread 0x0000024e16324960 flushing  nmethod 0x0000024e06944810
Event: 9412.469 Thread 0x0000024e16324960 flushing  nmethod 0x0000024e06953010
Event: 9412.469 Thread 0x0000024e16324960 flushing  nmethod 0x0000024e0695e010
Event: 9412.469 Thread 0x0000024e16324960 flushing  nmethod 0x0000024e06961410

Events (20 events):
Event: 77135.801 Thread 0x0000024e5e57e2b0 Thread added: 0x0000024e5e57f660
Event: 77159.218 Thread 0x0000024e5e5879a0 Thread added: 0x0000024e5e584bb0
Event: 77159.218 Thread 0x0000024e5e584bb0 Thread exited: 0x0000024e5e584bb0
Event: 77160.897 Thread 0x0000024e5e5879a0 Thread added: 0x0000024e5e583170
Event: 77160.901 Thread 0x0000024e5e583170 Thread exited: 0x0000024e5e583170
Event: 77160.949 Thread 0x0000024e5e5879a0 Thread added: 0x0000024e5e583170
Event: 77160.968 Thread 0x0000024e5e583170 Thread added: 0x0000024e5e588030
Event: 77165.191 Thread 0x0000024e5e582450 Thread exited: 0x0000024e5e582450
Event: 77165.984 Thread 0x0000024e5e583170 Thread exited: 0x0000024e5e583170
Event: 77167.335 Thread 0x0000024e5e57fcf0 Thread exited: 0x0000024e5e57fcf0
Event: 77171.009 Thread 0x0000024e5e588030 Thread exited: 0x0000024e5e588030
Event: 77174.909 Thread 0x0000024e5e5858d0 Thread exited: 0x0000024e5e5858d0
Event: 77177.769 Thread 0x0000024e5e585f60 Thread exited: 0x0000024e5e585f60
Event: 77195.769 Thread 0x0000024e5e5810a0 Thread exited: 0x0000024e5e5810a0
Event: 77202.495 Thread 0x0000024e5e586c80 Thread exited: 0x0000024e5e586c80
Event: 77205.219 Thread 0x0000024e5e583e90 Thread exited: 0x0000024e5e583e90
Event: 77207.483 Thread 0x0000024e5e57f660 Thread exited: 0x0000024e5e57f660
Event: 77210.117 Thread 0x0000024e5e580a10 Thread exited: 0x0000024e5e580a10
Event: 77218.998 Thread 0x0000024e5e581730 Thread exited: 0x0000024e5e581730
Event: 77237.620 Thread 0x0000024e5e581dc0 Thread exited: 0x0000024e5e581dc0


Dynamic libraries:
0x00007ff6a8820000 - 0x00007ff6a882e000 	c:\Users\ashis\.vscode\extensions\redhat.java-1.51.0-win32-x64\jre\21.0.9-win32-x86_64\bin\java.exe
0x00007ff987fa0000 - 0x00007ff988207000 	C:\Windows\SYSTEM32\ntdll.dll
0x00007ff986e40000 - 0x00007ff986f09000 	C:\Windows\System32\KERNEL32.DLL
0x00007ff985120000 - 0x00007ff98550f000 	C:\Windows\System32\KERNELBASE.dll
0x00007ff985ab0000 - 0x00007ff985bfb000 	C:\Windows\System32\ucrtbase.dll
0x00007ff978e40000 - 0x00007ff978e58000 	c:\Users\ashis\.vscode\extensions\redhat.java-1.51.0-win32-x64\jre\21.0.9-win32-x86_64\bin\jli.dll
0x00007ff986f10000 - 0x00007ff9870d5000 	C:\Windows\System32\USER32.dll
0x00007ff9850f0000 - 0x00007ff985117000 	C:\Windows\System32\win32u.dll
0x00007ff986430000 - 0x00007ff98645b000 	C:\Windows\System32\GDI32.dll
0x00007ff9791b0000 - 0x00007ff9791ce000 	c:\Users\ashis\.vscode\extensions\redhat.java-1.51.0-win32-x64\jre\21.0.9-win32-x86_64\bin\VCRUNTIME140.dll
0x00007ff985750000 - 0x00007ff98587c000 	C:\Windows\System32\gdi32full.dll
0x00007ff985880000 - 0x00007ff985923000 	C:\Windows\System32\msvcp_win.dll
0x00007ff9731b0000 - 0x00007ff973443000 	C:\Windows\WinSxS\amd64_microsoft.windows.common-controls_6595b64144ccf1df_6.0.26100.7309_none_3e05feeae336a044\COMCTL32.dll
0x00007ff986d00000 - 0x00007ff986da9000 	C:\Windows\System32\msvcrt.dll
0x00007ff986720000 - 0x00007ff986751000 	C:\Windows\System32\IMM32.DLL
0x00007ff978c60000 - 0x00007ff978c6c000 	c:\Users\ashis\.vscode\extensions\redhat.java-1.51.0-win32-x64\jre\21.0.9-win32-x86_64\bin\vcruntime140_1.dll
0x00007ff952480000 - 0x00007ff95250d000 	c:\Users\ashis\.vscode\extensions\redhat.java-1.51.0-win32-x64\jre\21.0.9-win32-x86_64\bin\msvcp140.dll
0x00007ff8dfca0000 - 0x00007ff8e0a40000 	c:\Users\ashis\.vscode\extensions\redhat.java-1.51.0-win32-x64\jre\21.0.9-win32-x86_64\bin\server\jvm.dll
0x00007ff987ea0000 - 0x00007ff987f54000 	C:\Windows\System32\ADVAPI32.dll
0x00007ff986760000 - 0x00007ff986806000 	C:\Windows\System32\sechost.dll
0x00007ff9860d0000 - 0x00007ff9861e8000 	C:\Windows\System32\RPCRT4.dll
0x00007ff986dc0000 - 0x00007ff986e34000 	C:\Windows\System32\WS2_32.dll
0x00007ff984f70000 - 0x00007ff984fce000 	C:\Windows\SYSTEM32\POWRPROF.dll
0x00007ff97bc90000 - 0x00007ff97bc9b000 	C:\Windows\SYSTEM32\VERSION.dll
0x00007ff96c420000 - 0x00007ff96c455000 	C:\Windows\SYSTEM32\WINMM.dll
0x00007ff984f50000 - 0x00007ff984f64000 	C:\Windows\SYSTEM32\UMPDC.dll
0x00007ff983ea0000 - 0x00007ff983ebb000 	C:\Windows\SYSTEM32\kernel.appcore.dll
0x00007ff978c50000 - 0x00007ff978c5a000 	c:\Users\ashis\.vscode\extensions\redhat.java-1.51.0-win32-x64\jre\21.0.9-win32-x86_64\bin\jimage.dll
0x00007ff982990000 - 0x00007ff982bd2000 	C:\Windows\SYSTEM32\DBGHELP.DLL
0x00007ff985d40000 - 0x00007ff9860c5000 	C:\Windows\System32\combase.dll
0x00007ff986640000 - 0x00007ff986716000 	C:\Windows\System32\OLEAUT32.dll
0x00007ff972270000 - 0x00007ff9722ac000 	C:\Windows\SYSTEM32\dbgcore.DLL
0x00007ff985c00000 - 0x00007ff985ca5000 	C:\Windows\System32\bcryptPrimitives.dll
0x00007ff961c30000 - 0x00007ff961c3f000 	c:\Users\ashis\.vscode\extensions\redhat.java-1.51.0-win32-x64\jre\21.0.9-win32-x86_64\bin\instrument.dll
0x00007ff961d20000 - 0x00007ff961d40000 	c:\Users\ashis\.vscode\extensions\redhat.java-1.51.0-win32-x64\jre\21.0.9-win32-x86_64\bin\java.dll
0x00007ff987740000 - 0x00007ff987e93000 	C:\Windows\System32\SHELL32.dll
0x00007ff985520000 - 0x00007ff98568a000 	C:\Windows\System32\wintypes.dll
0x00007ff982cc0000 - 0x00007ff98351e000 	C:\Windows\SYSTEM32\windows.storage.dll
0x00007ff986460000 - 0x00007ff986555000 	C:\Windows\System32\SHCORE.dll
0x00007ff9871e0000 - 0x00007ff987246000 	C:\Windows\System32\shlwapi.dll
0x00007ff985010000 - 0x00007ff985039000 	C:\Windows\SYSTEM32\profapi.dll
0x00007ff961b00000 - 0x00007ff961b18000 	c:\Users\ashis\.vscode\extensions\redhat.java-1.51.0-win32-x64\jre\21.0.9-win32-x86_64\bin\zip.dll
0x00007ff95f3b0000 - 0x00007ff95f3c0000 	C:\Users\ashis\.vscode\extensions\redhat.java-1.51.0-win32-x64\jre\21.0.9-win32-x86_64\bin\net.dll
0x00007ff97bb50000 - 0x00007ff97bc78000 	C:\Windows\SYSTEM32\WINHTTP.dll
0x00007ff984410000 - 0x00007ff98447b000 	C:\Windows\system32\mswsock.dll
0x00007ff95ea50000 - 0x00007ff95ea66000 	C:\Users\ashis\.vscode\extensions\redhat.java-1.51.0-win32-x64\jre\21.0.9-win32-x86_64\bin\nio.dll
0x00007ff9572a0000 - 0x00007ff9572b0000 	c:\Users\ashis\.vscode\extensions\redhat.java-1.51.0-win32-x64\jre\21.0.9-win32-x86_64\bin\verify.dll
0x00007ff9458d0000 - 0x00007ff945914000 	C:\Users\ashis\AppData\Roaming\Code\User\globalStorage\redhat.java\1.51.0\config_win\org.eclipse.equinox.launcher\org.eclipse.equinox.launcher.win32.win32.x86_64_1.2.1400.v20250801-0854\eclipse_11916.dll
0x00007ff987250000 - 0x00007ff9873e7000 	C:\Windows\System32\ole32.dll
0x00007ff957290000 - 0x00007ff95729a000 	C:\Users\ashis\.vscode\extensions\redhat.java-1.51.0-win32-x64\jre\21.0.9-win32-x86_64\bin\management.dll
0x00007ff957280000 - 0x00007ff95728c000 	C:\Users\ashis\.vscode\extensions\redhat.java-1.51.0-win32-x64\jre\21.0.9-win32-x86_64\bin\management_ext.dll
0x00007ff9861f0000 - 0x00007ff9861f8000 	C:\Windows\System32\PSAPI.DLL
0x00007ff9846d0000 - 0x00007ff9846eb000 	C:\Windows\SYSTEM32\CRYPTSP.dll
0x00007ff983e00000 - 0x00007ff983e3a000 	C:\Windows\system32\rsaenh.dll
0x00007ff9844c0000 - 0x00007ff9844eb000 	C:\Windows\SYSTEM32\USERENV.dll
0x00007ff984fe0000 - 0x00007ff98500a000 	C:\Windows\SYSTEM32\bcrypt.dll
0x00007ff9846f0000 - 0x00007ff9846fc000 	C:\Windows\SYSTEM32\CRYPTBASE.dll
0x00007ff983920000 - 0x00007ff983954000 	C:\Windows\SYSTEM32\IPHLPAPI.DLL
0x00007ff986db0000 - 0x00007ff986dba000 	C:\Windows\System32\NSI.dll
0x00007ff93e270000 - 0x00007ff93e2b9000 	C:\Users\ashis\AppData\Local\Temp\jna-93110816\jna5843717057762257467.dll
0x00007ff97c3c0000 - 0x00007ff97c3de000 	C:\Windows\SYSTEM32\dhcpcsvc6.DLL
0x00007ff97c380000 - 0x00007ff97c3a3000 	C:\Windows\SYSTEM32\dhcpcsvc.DLL
0x00007ff9571d0000 - 0x00007ff9571de000 	C:\Users\ashis\.vscode\extensions\redhat.java-1.51.0-win32-x64\jre\21.0.9-win32-x86_64\bin\sunmscapi.dll
0x00007ff985930000 - 0x00007ff985aa7000 	C:\Windows\System32\CRYPT32.dll
0x00007ff9848f0000 - 0x00007ff984920000 	C:\Windows\SYSTEM32\ncrypt.dll
0x00007ff9848a0000 - 0x00007ff9848df000 	C:\Windows\SYSTEM32\NTASN1.dll
0x00007ff983a00000 - 0x00007ff983b2c000 	C:\Windows\SYSTEM32\DNSAPI.dll
0x00007ff97bc80000 - 0x00007ff97bc8b000 	C:\Windows\System32\rasadhlp.dll
0x00007ff97c590000 - 0x00007ff97c616000 	C:\Windows\System32\fwpuclnt.dll
0x00007ff956840000 - 0x00007ff956849000 	C:\Users\ashis\.vscode\extensions\redhat.java-1.51.0-win32-x64\jre\21.0.9-win32-x86_64\bin\extnet.dll
0x00007ff94e240000 - 0x00007ff94e248000 	C:\Windows\system32\wshunix.dll
0x00007ff983fc0000 - 0x00007ff983ff6000 	C:\Windows\SYSTEM32\ntmarta.dll

JVMTI agents:
c:\Users\ashis\.vscode\extensions\redhat.java-1.51.0-win32-x64\lombok\lombok-1.18.39-4050.jar path:c:\Users\ashis\.vscode\extensions\redhat.java-1.51.0-win32-x64\jre\21.0.9-win32-x86_64\bin\instrument.dll, loaded, initialized, instrumentlib options:none

dbghelp: loaded successfully - version: 4.0.5 - missing functions: none
symbol engine: initialized successfully - sym options: 0x614 - pdb path: .;c:\Users\ashis\.vscode\extensions\redhat.java-1.51.0-win32-x64\jre\21.0.9-win32-x86_64\bin;C:\Windows\SYSTEM32;C:\Windows\WinSxS\amd64_microsoft.windows.common-controls_6595b64144ccf1df_6.0.26100.7309_none_3e05feeae336a044;c:\Users\ashis\.vscode\extensions\redhat.java-1.51.0-win32-x64\jre\21.0.9-win32-x86_64\bin\server;C:\Users\ashis\AppData\Roaming\Code\User\globalStorage\redhat.java\1.51.0\config_win\org.eclipse.equinox.launcher\org.eclipse.equinox.launcher.win32.win32.x86_64_1.2.1400.v20250801-0854;C:\Users\ashis\AppData\Local\Temp\jna-93110816

VM Arguments:
jvm_args: --add-modules=ALL-SYSTEM --add-opens=java.base/java.util=ALL-UNNAMED --add-opens=java.base/java.lang=ALL-UNNAMED --add-opens=java.base/sun.nio.fs=ALL-UNNAMED -Declipse.application=org.eclipse.jdt.ls.core.id1 -Dosgi.bundles.defaultStartLevel=4 -Declipse.product=org.eclipse.jdt.ls.core.product -Djava.import.generatesMetadataFilesAtProjectRoot=false -DDetectVMInstallationsJob.disabled=true -Dfile.encoding=utf8 -XX:+UseParallelGC -XX:GCTimeRatio=4 -XX:AdaptiveSizePolicyWeight=90 -Dsun.zip.disableMemoryMapping=true -Xmx2G -Xms100m -Xlog:disable -javaagent:c:\Users\ashis\.vscode\extensions\redhat.java-1.51.0-win32-x64\lombok\lombok-1.18.39-4050.jar -XX:+HeapDumpOnOutOfMemoryError -XX:HeapDumpPath=c:\Users\ashis\AppData\Roaming\Code\User\workspaceStorage\27995a07c341c8819f1e5df1a693b7f0\redhat.java -Daether.dependencyCollector.impl=bf 
java_command: c:\Users\ashis\.vscode\extensions\redhat.java-1.51.0-win32-x64\server\plugins\org.eclipse.equinox.launcher_1.7.100.v20251111-0406.jar -configuration c:\Users\ashis\AppData\Roaming\Code\User\globalStorage\redhat.java\1.51.0\config_win -data c:\Users\ashis\AppData\Roaming\Code\User\workspaceStorage\27995a07c341c8819f1e5df1a693b7f0\redhat.java\jdt_ws --pipe=\\.\pipe\lsp-553dc14be16268f400227ac2b70176c0-sock
java_class_path (initial): c:\Users\ashis\.vscode\extensions\redhat.java-1.51.0-win32-x64\server\plugins\org.eclipse.equinox.launcher_1.7.100.v20251111-0406.jar
Launcher Type: SUN_STANDARD

[Global flags]
    uintx AdaptiveSizePolicyWeight                 = 90                                        {product} {command line}
     intx CICompilerCount                          = 4                                         {product} {ergonomic}
    uintx GCTimeRatio                              = 4                                         {product} {command line}
     bool HeapDumpOnOutOfMemoryError               = true                                   {manageable} {command line}
    ccstr HeapDumpPath                             = c:\Users\ashis\AppData\Roaming\Code\User\workspaceStorage\27995a07c341c8819f1e5df1a693b7f0\redhat.java         {manageable} {command line}
   size_t InitialHeapSize                          = 104857600                                 {product} {command line}
   size_t MaxHeapSize                              = 2147483648                                {product} {command line}
   size_t MaxNewSize                               = 715653120                                 {product} {ergonomic}
   size_t MinHeapDeltaBytes                        = 524288                                    {product} {ergonomic}
   size_t MinHeapSize                              = 104857600                                 {product} {command line}
   size_t NewSize                                  = 34603008                                  {product} {ergonomic}
    uintx NonNMethodCodeHeapSize                   = 5839372                                {pd product} {ergonomic}
    uintx NonProfiledCodeHeapSize                  = 122909434                              {pd product} {ergonomic}
   size_t OldSize                                  = 70254592                                  {product} {ergonomic}
    uintx ProfiledCodeHeapSize                     = 122909434                              {pd product} {ergonomic}
    uintx ReservedCodeCacheSize                    = 251658240                              {pd product} {ergonomic}
     bool SegmentedCodeCache                       = true                                      {product} {ergonomic}
   size_t SoftMaxHeapSize                          = 2147483648                             {manageable} {ergonomic}
     bool UseCompressedOops                        = true                           {product lp64_product} {ergonomic}
     bool UseLargePagesIndividualAllocation        = false                                  {pd product} {ergonomic}
     bool UseParallelGC                            = true                                      {product} {command line}

Logging:
Log output configuration:
 #0: stdout all=off uptime,level,tags foldmultilines=false
 #1: stderr all=off uptime,level,tags foldmultilines=false

Release file:
JAVA_VERSION="21.0.9" 
MODULES="java.base java.compiler java.datatransfer java.xml java.prefs java.desktop java.instrument java.logging java.management java.security.sasl java.naming java.rmi java.management.rmi java.net.http java.scripting java.security.jgss java.transaction.xa java.sql java.sql.rowset java.xml.crypto java.se java.smartcardio jdk.accessibility jdk.internal.jvmstat jdk.attach jdk.charsets jdk.internal.opt jdk.zipfs jdk.compiler jdk.crypto.ec jdk.crypto.cryptoki jdk.crypto.mscapi jdk.dynalink jdk.internal.ed jdk.editpad jdk.hotspot.agent jdk.httpserver jdk.internal.le jdk.internal.vm.ci jdk.internal.vm.compiler jdk.internal.vm.compiler.management jdk.jartool jdk.javadoc jdk.jcmd jdk.management jdk.management.agent jdk.jconsole jdk.jdeps jdk.jdwp.agent jdk.jdi jdk.jfr jdk.jshell jdk.jsobject jdk.jstatd jdk.localedata jdk.management.jfr jdk.naming.dns jdk.naming.rmi jdk.net jdk.nio.mapmode jdk.random jdk.sctp jdk.security.auth jdk.security.jgss jdk.unsupported jdk.unsupported.desktop jdk.xml.dom" 

Environment Variables:
JAVA_HOME=C:\Program Files\Java\jdk-25\bin
PATH=C:\Program Files\Common Files\Oracle\Java\javapath;C:\Windows\system32;C:\Windows;C:\Windows\System32\Wbem;C:\Windows\System32\WindowsPowerShell\v1.0\;C:\Windows\System32\OpenSSH\;C:\ProgramData\chocolatey\bin;C:\Program Files\Git\cmd;C:\Program Files\nodejs\;C:\Users\ashis\AppData\Local\Microsoft\WindowsApps;C:\Users\ashis\AppData\Local\Programs\Microsoft VS Code\bin;C:\Users\ashis\AppData\Roaming\npm
USERNAME=ashis
OS=Windows_NT
PROCESSOR_IDENTIFIER=Intel64 Family 6 Model 186 Stepping 2, GenuineIntel
TMP=C:\Users\ashis\AppData\Local\Temp
TEMP=C:\Users\ashis\AppData\Local\Temp




Periodic native trim disabled

---------------  S Y S T E M  ---------------

OS:
 Windows 11 , 64 bit Build 26100 (10.0.26100.7309)
OS uptime: 13 days 0:31 hours
Hyper-V role detected

CPU: total 12 (initial active 12) (6 cores per cpu, 2 threads per core) family 6 model 186 stepping 2 microcode 0x4124, cx8, cmov, fxsr, ht, mmx, 3dnowpref, sse, sse2, sse3, ssse3, sse4.1, sse4.2, popcnt, lzcnt, tsc, tscinvbit, avx, avx2, aes, erms, clmul, bmi1, bmi2, adx, sha, fma, vzeroupper, clflush, clflushopt, clwb, hv, serialize, rdtscp, rdpid, fsrm, f16c, cet_ibt, cet_ss
Processor Information for processor 0
  Max Mhz: 2100, Current Mhz: 2100, Mhz Limit: 2100
Processor Information for processor 1
  Max Mhz: 2100, Current Mhz: 2100, Mhz Limit: 2100
Processor Information for processor 2
  Max Mhz: 2100, Current Mhz: 2100, Mhz Limit: 2100
Processor Information for processor 3
  Max Mhz: 2100, Current Mhz: 2100, Mhz Limit: 2100
Processor Information for processor 4
  Max Mhz: 2100, Current Mhz: 2100, Mhz Limit: 2100
Processor Information for processor 5
  Max Mhz: 2100, Current Mhz: 2100, Mhz Limit: 2100
Processor Information for processor 6
  Max Mhz: 2100, Current Mhz: 2100, Mhz Limit: 2100
Processor Information for processor 7
  Max Mhz: 2100, Current Mhz: 2100, Mhz Limit: 2100
Processor Information for processor 8
  Max Mhz: 2100, Current Mhz: 1540, Mhz Limit: 2100
Processor Information for processor 9
  Max Mhz: 2100, Current Mhz: 2100, Mhz Limit: 2100
Processor Information for processor 10
  Max Mhz: 2100, Current Mhz: 1540, Mhz Limit: 2100
Processor Information for processor 11
  Max Mhz: 2100, Current Mhz: 1540, Mhz Limit: 2100

Memory: 4k page, system-wide physical 16009M (846M free)
TotalPageFile size 65161M (AvailPageFile size 0M)
current process WorkingSet (physical memory assigned to process): 1152M, peak: 1701M
current process commit charge ("private bytes"): 1698M, peak: 1813M

vm_info: OpenJDK 64-Bit Server VM (21.0.9+10-LTS) for windows-amd64 JRE (21.0.9+10-LTS), built on 2025-10-21T00:00:00Z by "admin" with unknown MS VC++:1942

END.
